how are you
hello hadoop
hello git
hello kafka
hello hive

add a line data
